root@localhost:~# cat /proc/iomem
000681b8-000691b7 : vmpm
0038f008-0038f00b : restart_reg
004a8000-004a9fff : tsens_physical
004ab000-004ab003 : pshold-base
004ac000-004adfff : tsens_physical
00624000-006264ff : /soc/ufshc@624000
00627000-00627da7 : phy_mem
00630000-00637fff : /soc/ufsice@630000
007ab244-007ab247 : vls_clamp_reg
00880000-008807ff : reg-base
008c36d4-008c36d7 : camss_cpp
00a00030-00a00033 : csiphy_clk_mux
00a00038-00a0003b : csiphy_clk_mux
00a00040-00a00043 : csiphy_clk_mux
00a04000-00a040ff : cpp
00a0c000-00a0ffff : cci
00a18000-00a1afff : cpp_hw
00a1c000-00a1ffff : jpeg_hw
00a24000-00a27fff : jpeg_hw
00a30000-00a303ff : csid
00a30400-00a307ff : csid
00a30800-00a30bff : csid
00a30c00-00a30fff : csid
00a31000-00a31bff : ispif
00a34000-00a34fff : csiphy
00a35000-00a35fff : csiphy
00a36000-00a36fff : csiphy
00aa0000-00aa3fff : jpeg_hw
00aa4000-00aa47ff : fd_core
00aa5000-00aa53ff : fd_misc
00b00000-00b3efff : kgsl-3d0
00b40000-00b4ffff : /soc/arm,smmu-kgsl@b40000
00d00000-00d0ffff : /soc/arm,smmu-mdp@d00000
00d20000-00d2ffff : /soc/arm,smmu-rot@d20000
00d40000-00d5ffff : /soc/arm,smmu-venus@d40000
00d60000-00d6ffff : /soc/arm,smmu-cpp_fd@d60000
00d80000-00d8ffff : /soc/arm,smmu-jpeg@d80000
00da0000-00daffff : /soc/arm,smmu-vfe@da0000
01010000-0130ffff : /soc/pinctrl@01010000
01600000-0161ffff : /soc/arm,smmu-lpass_q6@1600000
01640000-0164ffff : /soc/arm,smmu-anoc0@1640000
01660000-0166ffff : /soc/arm,smmu-anoc1@1660000
01680000-0169ffff : /soc/arm,smmu-anoc2@1680000
02080000-020800ff : qdsp6_base
02180000-0218001f : rmb_base
06500000-06503fff : /soc/qcom,cache_erp64@6500000
06a0c100-06a0c8cf : /soc/ssusb@6a00000/dwc3@6a00000
07410000-074107a7 : qmp_phy_base
07411000-0741117f : qusb_phy_base
07412000-0741217f : qusb_phy_base
07443000-0744afff : /soc/sdcc1ice@7443000
07575000-075755ff : spi_qsd
07577000-07577fff : 7577000.i2c
0757a000-0757afff : 757a000.i2c
07584000-075aefff : /soc/qcom,sps-dma@0x7584000
075b5000-075b5fff : 75b5000.i2c
075b6000-075b6fff : 75b6000.i2c
075b7000-075b7fff : 75b7000.i2c
075ba000-075bafff : 75ba000.i2c
09830000-09830fff : msm-watchdog
09a40000-09a7ffff : /soc/qcom,m4m_erp64@9A40000
0c400000-0c5fffff : ath
80000000-857fffff : System RAM
  80080000-81bfffff : Kernel code
  81e39000-825d4fff : Kernel data
92900000-92907fff : persistent_ram
92908000-9290ffff : persistent_ram
92910000-92917fff : persistent_ram
92918000-9291ffff : persistent_ram
92920000-92927fff : persistent_ram
92928000-9292ffff : persistent_ram
92930000-92937fff : persistent_ram
92938000-9293ffff : persistent_ram
92940000-929bffff : persistent_ram
929c0000-929fffff : persistent_ram
92a00000-17e54ffff : System RAM
root@localhost:~#
